SH SERIES C/C++ Compiler (Ver. 6.0C)                                                                 05-May-2013 20:25:27  PAGE    1

************ OBJECT LISTING ************

Object program is empty.

      library_fx     1    #include "../interpreter.h"



























































SH SERIES C/C++ Compiler (Ver. 6.0C)                                                                 05-May-2013 20:25:27  PAGE    1


******** STATISTICS INFORMATION ********


********** ERROR INFORMATION ***********

NUMBER OF ERRORS:           0
NUMBER OF WARNINGS:         0




******* SOURCE LINE INFORMATION ********

COMPILED SOURCE LINE:        1



******* SECTION SIZE INFORMATION *******

PROGRAM  SECTION (P):                               00000000 Byte(s)
CONSTANT SECTION (C):                               00000000 Byte(s)
DATA     SECTION (D):                               00000000 Byte(s)
BSS      SECTION (B):                               00000000 Byte(s)

 TOTAL PROGRAM SIZE: 00000000 Byte(s)



********** LABEL INFORMATION ***********

NUMBER OF EXTERNAL REFERENCE SYMBOLS:            0
NUMBER OF EXTERNAL DEFINITION SYMBOLS:           0
NUMBER OF INTERNAL/EXTERNAL SYMBOLS:             0






























*** COMMAND PARAMETER ***


  -subcommand=C:\DOCUME~1\ADMINI~1\LOCALS~1\Temp\hmk349.tmp 

